// Jest Snapshot v1, https://goo.gl/fbAQLP

exports[`timeline component render timeline render homepage timeline 1`] = `
<nav
	id="mainTimeline"
>
	<ul
		class="mainTimelineItemList"
	>
		<li
			class="mainTimelineItem"
		>
			<a
				class="mainTimelineItem__link"
				href="#edition1"
			>
				<span
					class="mainTimelineItem__year"
				>
					2002
				</span>
				<svg
					class="svgMask mainTimelineItemMask"
				>
					<defs>
						<mask
							id="yearMask2002"
							maskUnits="userSpaceOnUse"
						>
							<rect
								class="svgMask__base"
							/>
							<text
								class="mainTimelineItemMask__text"
								x="50%"
								y="50%"
							>
								2002
							</text>
						</mask>
					</defs>
					<rect
						class="svgMask__bg mainTimelineItemMask__bg"
						mask="url(#yearMask2002)"
					/>
				</svg>
			</a>
		</li>
		<li
			class="mainTimelineItem"
		>
			<a
				class="mainTimelineItem__link"
				href="#edition2"
			>
				<span
					class="mainTimelineItem__year"
				>
					2003
				</span>
				<svg
					class="svgMask mainTimelineItemMask"
				>
					<defs>
						<mask
							id="yearMask2003"
							maskUnits="userSpaceOnUse"
						>
							<rect
								class="svgMask__base"
							/>
							<text
								class="mainTimelineItemMask__text"
								x="50%"
								y="50%"
							>
								2003
							</text>
						</mask>
					</defs>
					<rect
						class="svgMask__bg mainTimelineItemMask__bg"
						mask="url(#yearMask2003)"
					/>
				</svg>
			</a>
		</li>
		<li
			class="mainTimelineItem"
		>
			<a
				class="mainTimelineItem__link"
				href="#edition3"
			>
				<span
					class="mainTimelineItem__year"
				>
					2004
				</span>
				<svg
					class="svgMask mainTimelineItemMask"
				>
					<defs>
						<mask
							id="yearMask2004"
							maskUnits="userSpaceOnUse"
						>
							<rect
								class="svgMask__base"
							/>
							<text
								class="mainTimelineItemMask__text"
								x="50%"
								y="50%"
							>
								2004
							</text>
						</mask>
					</defs>
					<rect
						class="svgMask__bg mainTimelineItemMask__bg"
						mask="url(#yearMask2004)"
					/>
				</svg>
			</a>
		</li>
	</ul>
</nav>
`;

exports[`timeline component render timeline render navigation timeline 1`] = `
<nav
	id="navTimeline"
>
	<ul
		class="navTimelineItemList"
	>
		<li
			class="navTimelineItem"
		>
			<a
				class="navTimelineItem__link"
				href="#edition3"
			>
				2004
			</a>
		</li>
		<li
			class="navTimelineItem"
		>
			<a
				class="navTimelineItem__link navTimelineItem__link--isActive"
				href="#edition2"
			>
				2003
			</a>
		</li>
		<li
			class="navTimelineItem"
		>
			<a
				class="navTimelineItem__link"
				href="#edition1"
			>
				2002
			</a>
		</li>
	</ul>
</nav>
`;
