// Jest Snapshot v1, https://goo.gl/fbAQLP

exports[`test background video component render background video component 1`] = `
<div
  id="bgVideo"
>
  <video
    autoplay=""
    class="bgVideo__video"
    height="768"
    loop=""
    poster="/images/bg-img.png"
    src="/videos/bg-video.webm"
    width="1366"
  />
</div>
`;
